// Vitest Snapshot v1, https://vitest.dev/guide/snapshot.html

exports[`verification > should have all contracts verified except for the known set of errors 1`] = `
[
  {
    "item": {
      "chainId": 534352,
      "path": [
        "AaveV3Scroll",
        "POOL_IMPL",
      ],
      "value": "0x7c9d9B3bDC3ba2E43FE2fb26B713aBDc946DB01C",
    },
  },
  {
    "item": {
      "chainId": 534352,
      "path": [
        "AaveV3Scroll",
        "POOL_CONFIGURATOR_IMPL",
      ],
      "value": "0xFF42Ce30054dcE7dc7C1282a9a497aa58eaBCe99",
    },
  },
  {
    "item": {
      "chainId": 534352,
      "path": [
        "AaveV3Scroll",
        "EXTERNAL_LIBRARIES",
        "FLASHLOAN_LOGIC",
      ],
      "value": "0x6D414cd0d5eAf8C43200ac0c325A7E2Ad83B8be6",
    },
  },
  {
    "item": {
      "chainId": 534352,
      "path": [
        "AaveV3Scroll",
        "EXTERNAL_LIBRARIES",
        "BORROW_LOGIC",
      ],
      "value": "0x52Da0ce88202D1542543598D1e1e27F0d344726A",
    },
  },
  {
    "item": {
      "chainId": 534352,
      "path": [
        "AaveV3Scroll",
        "EXTERNAL_LIBRARIES",
        "LIQUIDATION_LOGIC",
      ],
      "value": "0x96D5686812e33Ab509ECCDb38C89d15607B2a413",
    },
  },
  {
    "item": {
      "chainId": 534352,
      "path": [
        "AaveV3Scroll",
        "EXTERNAL_LIBRARIES",
        "POOL_LOGIC",
      ],
      "value": "0xD70593841C57cbaA04957cc3EAcE95708e48853b",
    },
  },
  {
    "item": {
      "chainId": 534352,
      "path": [
        "AaveV3Scroll",
        "EXTERNAL_LIBRARIES",
        "SUPPLY_LOGIC",
      ],
      "value": "0x584C7d8c4cb05304FE5Ac7fbc97f20A10Fb07564",
    },
  },
]
`;
